###############################################################################
#
# IAR ELF Linker V8.11.3.13950/W32 for ARM                20/Oct/2019  14:54:26
# Copyright 2007-2017 IAR Systems AB.
#
#    Output file  =  C:\CProjects\Lab1\Debug\Exe\Lab1.out
#    Map file     =  C:\CProjects\Lab1\Debug\List\Lab1.map
#    Command line =  
#        -f C:\Users\colby\AppData\Local\Temp\EW35C0.tmp
#        (C:\CProjects\Lab1\Debug\Obj\trafficLight.o -o
#        C:\CProjects\Lab1\Debug\Exe\Lab1.out --redirect
#        _Printf=_PrintfFullNoMb --redirect _Scanf=_ScanfFullNoMb --map
#        C:\CProjects\Lab1\Debug\List\Lab1.map --config "C:\Program Files
#        (x86)\IAR Systems\Embedded Workbench
#        8.0\arm\config\linker\TexasInstruments\TM4C123GH6.icf" --semihosting
#        --entry __iar_program_start --vfe --text_out locale)
#
###############################################################################

*******************************************************************************
*** RUNTIME MODEL ATTRIBUTES
***

CppFlavor       = *
__SystemLibrary = DLib
__dlib_version  = 6


*******************************************************************************
*** HEAP SELECTION
***

The basic heap was selected because some modules are built with
size limitations (and not runtime checking), and --advanced_heap
was not specified.


*******************************************************************************
*** PLACEMENT SUMMARY
***

"A0":  place at 0x00000000 { ro section .intvec };
"P1":  place in [from 0x00000000 to 0x0003ffff] { ro };
define block CSTACK with size = 4K, alignment = 8 { };
define block HEAP with size = 8K, alignment = 8 { };
"P2":  place in [from 0x20000000 to 0x20007fff] {
          rw, block CSTACK, block HEAP };

  Section          Kind        Address    Size  Object
  -------          ----        -------    ----  ------
"A0":                                     0x40
  .intvec          ro code  0x00000000    0x40  vector_table_M.o [5]
                          - 0x00000040    0x40

"P1":                                    0x304
  .text            ro code  0x00000040   0x214  trafficLight.o [1]
  .text            ro code  0x00000254    0x40  zero_init3.o [5]
  .text            ro code  0x00000294    0x28  data_init.o [5]
  .text            ro code  0x000002bc    0x22  fpinit_M.o [4]
  .iar.init_table  const    0x000002e0    0x10  - Linker created -
  .text            ro code  0x000002f0     0x2  vector_table_M.o [5]
  .text            ro code  0x000002f4    0x1a  cmain.o [5]
  .text            ro code  0x0000030e     0x4  low_level_init.o [3]
  .text            ro code  0x00000312     0x4  exit.o [3]
  .text            ro code  0x00000318     0xa  cexit.o [5]
  .text            ro code  0x00000324    0x14  exit.o [6]
  .text            ro code  0x00000338     0xc  cstartup_M.o [5]
  .rodata          const    0x00000344     0x0  zero_init3.o [5]
                          - 0x00000344   0x304

"P2", part 1 of 2:                         0x4
  .bss             zero     0x20000000     0x1  trafficLight.o [1]
                          - 0x20000001     0x1

"P2", part 2 of 2:                      0x1000
  CSTACK                    0x20000008  0x1000  <Block>
    CSTACK         uninit   0x20000008  0x1000  <Block tail>
                          - 0x20001008  0x1000


*******************************************************************************
*** INIT TABLE
***

          Address     Size
          -------     ----
Zero (__iar_zero_init3)
    1 destination range, total size 0x1:
          0x20000000   0x1



*******************************************************************************
*** MODULE SUMMARY
***

    Module            ro code  ro data  rw data
    ------            -------  -------  -------
C:\CProjects\Lab1\Debug\Obj: [1]
    trafficLight.o        532                 1
    -------------------------------------------
    Total:                532                 1

command line: [2]
    -------------------------------------------
    Total:

dl7M_tln.a: [3]
    exit.o                  4
    low_level_init.o        4
    -------------------------------------------
    Total:                  8

m7M_tls.a: [4]
    fpinit_M.o             34
    -------------------------------------------
    Total:                 34

rt7M_tl.a: [5]
    cexit.o                10
    cmain.o                26
    cstartup_M.o           12
    data_init.o            40
    vector_table_M.o       66
    zero_init3.o           64
    -------------------------------------------
    Total:                218

shb_l.a: [6]
    exit.o                 20
    -------------------------------------------
    Total:                 20

    Gaps                    6        2
    Linker created                  16    4 096
-----------------------------------------------
    Grand Total:          818       18    4 097


*******************************************************************************
*** ENTRY LIST
***

Entry                      Address  Size  Type      Object
-----                      -------  ----  ----      ------
.iar.init_table$$Base   0x000002e0         --   Gb  - Linker created -
.iar.init_table$$Limit  0x000002f0         --   Gb  - Linker created -
?main                   0x000002f5        Code  Gb  cmain.o [5]
CSTACK$$Base            0x20000008         --   Gb  - Linker created -
CSTACK$$Limit           0x20001008         --   Gb  - Linker created -
GREEN_LED_off           0x000000bf   0xe  Code  Gb  trafficLight.o [1]
GREEN_LED_on            0x00000095   0xe  Code  Gb  trafficLight.o [1]
LED_init                0x00000041  0x54  Code  Gb  trafficLight.o [1]
PED_switch_input        0x00000147   0xa  Code  Gb  trafficLight.o [1]
RED_LED_off             0x000000db   0xe  Code  Gb  trafficLight.o [1]
RED_LED_on              0x000000b1   0xe  Code  Gb  trafficLight.o [1]
Region$$Table$$Base     0x000002e0         --   Gb  - Linker created -
Region$$Table$$Limit    0x000002f0         --   Gb  - Linker created -
STARTSTOP_switch_input  0x0000013d   0xa  Code  Gb  trafficLight.o [1]
YELLOW_LED_off          0x000000cd   0xe  Code  Gb  trafficLight.o [1]
YELLOW_LED_on           0x000000a3   0xe  Code  Gb  trafficLight.o [1]
__cmain                 0x000002f5        Code  Gb  cmain.o [5]
__exit                  0x00000325  0x14  Code  Gb  exit.o [6]
__iar_data_init3        0x00000295  0x28  Code  Gb  data_init.o [5]
__iar_init_vfp          0x000002bd        Code  Gb  fpinit_M.o [4]
__iar_program_start     0x00000339        Code  Gb  cstartup_M.o [5]
__iar_systems$$module {Abs}
                        0x00000001        Data  Gb  command line/config [2]
__iar_zero_init3        0x00000255  0x40  Code  Gb  zero_init3.o [5]
__low_level_init        0x0000030f   0x4  Code  Gb  low_level_init.o [3]
__vector_table          0x00000000        Data  Gb  vector_table_M.o [5]
_call_main              0x00000301        Code  Gb  cmain.o [5]
_exit                   0x00000319        Code  Gb  cexit.o [5]
_main                   0x0000030b        Code  Gb  cmain.o [5]
delay                   0x00000151   0xe  Code  Gb  trafficLight.o [1]
exit                    0x00000313   0x4  Code  Gb  exit.o [3]
main                    0x0000015f  0xd0  Code  Gb  trafficLight.o [1]
state                   0x20000000   0x1  Data  Gb  trafficLight.o [1]
switch_init             0x000000e9  0x54  Code  Gb  trafficLight.o [1]


[1] = C:\CProjects\Lab1\Debug\Obj
[2] = command line
[3] = dl7M_tln.a
[4] = m7M_tls.a
[5] = rt7M_tl.a
[6] = shb_l.a

    818 bytes of readonly  code memory
     18 bytes of readonly  data memory
  4 097 bytes of readwrite data memory

Errors: none
Warnings: none
