###############################################################################
#
# IAR ELF Linker V8.11.3.13950/W32 for ARM                01/Nov/2019  18:05:45
# Copyright 2007-2017 IAR Systems AB.
#
#    Output file  =  C:\CProjects\Lab3\Debug\Exe\Lab3.out
#    Map file     =  C:\CProjects\Lab3\Debug\List\Lab3.map
#    Command line =  
#        -f C:\Users\colby\AppData\Local\Temp\EWFE6B.tmp
#        (C:\CProjects\Lab3\Debug\Obj\cstartup_M.o
#        C:\CProjects\Lab3\Debug\Obj\main.o -o
#        C:\CProjects\Lab3\Debug\Exe\Lab3.out --redirect
#        _Printf=_PrintfFullNoMb --redirect _Scanf=_ScanfFullNoMb --map
#        C:\CProjects\Lab3\Debug\List\Lab3.map --config "C:\Program Files
#        (x86)\IAR Systems\Embedded Workbench
#        8.0\arm\config\linker\TexasInstruments\TM4C123GH6.icf" --semihosting
#        --entry __iar_program_start --vfe --text_out locale)
#
###############################################################################

*******************************************************************************
*** RUNTIME MODEL ATTRIBUTES
***

CppFlavor       = *
__Heap_Handler  = Basic
__SystemLibrary = DLib
__dlib_version  = 6


*******************************************************************************
*** HEAP SELECTION
***

The basic heap was selected because some modules are built with
size limitations (and not runtime checking), and --advanced_heap
was not specified.


*******************************************************************************
*** PLACEMENT SUMMARY
***

"A0":  place at 0x00000000 { ro section .intvec };
"P1":  place in [from 0x00000000 to 0x0003ffff] { ro };
define block CSTACK with size = 4K, alignment = 8 { };
define block HEAP with size = 8K, alignment = 8 { };
"P2":  place in [from 0x20000000 to 0x20007fff] {
          rw, block CSTACK, block HEAP };
initialize by copy { rw };

  Section            Kind        Address    Size  Object
  -------            ----        -------    ----  ------
"A0":                                       0x90
  .intvec            const    0x00000000    0x90  cstartup_M.o [1]
                            - 0x00000090    0x90

"P1":                                     0x285d
  .text              ro code  0x00000090   0xe0e  xprintffull_nomb.o [3]
  .text              ro code  0x00000e9e    0x7a  lz77_init_single.o [5]
  .text              ro code  0x00000f18    0x16  strchr.o [5]
  .text              ro code  0x00000f2e     0xa  xsprout.o [3]
  .text              ro code  0x00000f38    0x44  xfail_s.o [3]
  .text              ro code  0x00000f7c    0x36  strlen.o [5]
  .text              ro code  0x00000fb2     0x2  cstartup_M.o [1]
  .text              ro code  0x00000fb4    0x58  memchr.o [5]
  .text              ro code  0x0000100c    0xee  I64DivMod.o [5]
  .text              ro code  0x000010fa     0x2  cstartup_M.o [1]
  .text              ro code  0x000010fc   0x1a2  DblMul.o [4]
  .text              ro code  0x0000129e     0x2  cstartup_M.o [1]
  .text              ro code  0x000012a0    0x76  ABImemcpy_unaligned.o [5]
  .text              ro code  0x00001316     0x2  cstartup_M.o [1]
  .text              ro code  0x00001318    0x70  frexp.o [4]
  .text              ro code  0x00001388    0x2e  DblCmpLe.o [4]
  .text              ro code  0x000013b6     0x2  cstartup_M.o [1]
  .text              ro code  0x000013b8    0x2e  DblCmpGe.o [4]
  .text              ro code  0x000013e6     0x2  cstartup_M.o [1]
  .text              ro code  0x000013e8   0x13a  ldexp.o [4]
  .text              ro code  0x00001522     0x2  cstartup_M.o [1]
  .text              ro code  0x00001524    0x3a  DblToS32.o [4]
  .text              ro code  0x0000155e     0x2  cstartup_M.o [1]
  .text              ro code  0x00001560    0x22  S32ToDbl.o [4]
  .text              ro code  0x00001582     0x2  cstartup_M.o [1]
  .text              ro code  0x00001584    0xe2  DblSub.o [4]
  .text              ro code  0x00001666     0x2  cstartup_M.o [1]
  .text              ro code  0x00001668   0x246  DblDiv.o [4]
  .text              ro code  0x000018b0    0x28  DblToU32.o [4]
  .text              ro code  0x000018d8    0x1a  U32ToDbl.o [4]
  .text              ro code  0x000018f4     0x8  xlocale_c.o [3]
  .text              ro code  0x000018fc     0x6  abort.o [3]
  .text              ro code  0x00001904     0x2  I64DivZer.o [5]
  .text              ro code  0x00001908   0x168  DblAdd.o [4]
  .text              ro code  0x00001a70    0x14  exit.o [6]
  .text              ro code  0x00001a84    0x68  iarttio.o [6]
  .text              ro code  0x00001aec     0x8  XShttio.o [3]
  .text              ro code  0x00001af4   0x430  main.o [1]
  .text              ro code  0x00001f24    0x68  DblToFlt.o [4]
  .text              ro code  0x00001f8c    0x48  FltToDbl.o [4]
  .text              ro code  0x00001fd4    0x40  sprintf.o [3]
  .text              ro code  0x00002014    0x28  printf.o [3]
  .text              ro code  0x0000203c   0x144  heap0.o [3]
  .text              ro code  0x00002180    0x2c  xgetmemchunk.o [3]
  .text              ro code  0x000021ac    0xd8  xfspos.o [3]
  .text              ro code  0x00002284    0xac  fflush.o [3]
  .text              ro code  0x00002330     0xc  xfgpos.o [3]
  .text              ro code  0x0000233c    0x4c  lseek.o [6]
  .text              ro code  0x00002388    0x10  write.o [6]
  .text              ro code  0x00002398    0xcc  XShHandles.o [3]
  .text              ro code  0x00002464    0x1e  dwrite.o [6]
  .text              ro code  0x00002482    0x20  iarwstd.o [6]
  .text              ro code  0x000024a2    0x22  iarwrite.o [6]
  .text              ro code  0x000024c4    0xb4  xfwprep.o [3]
  .text              ro code  0x00002578    0x24  fseek.o [3]
  .text              ro code  0x0000259c    0x7e  fclose.o [3]
  .text              ro code  0x0000261c    0x7c  xfofind.o [3]
  .text              ro code  0x00002698     0x4  heaptramp0.o [3]
  .text              ro code  0x0000269c    0x1a  close.o [6]
  .text              ro code  0x000026b6    0x16  remove.o [6]
  .text              ro code  0x000026cc    0x56  fputc.o [3]
  .text              ro code  0x00002722    0x40  zero_init3.o [5]
  .text              ro code  0x00002764    0x3c  xcloseall.o [3]
  .text              ro code  0x000027a0    0x28  data_init.o [5]
  .text              ro code  0x000027c8    0x22  fpinit_M.o [4]
  .iar.init_table    const    0x000027ec    0x20  - Linker created -
  .text              ro code  0x0000280c    0x1a  cmain.o [5]
  .text              ro code  0x00002826     0x4  low_level_init.o [3]
  .text              ro code  0x0000282a     0x4  exit.o [3]
  .text              ro code  0x00002830     0xe  cexit.o [5]
  .text              ro code  0x0000283e    0x16  xprout.o [3]
  .text              ro code  0x00002854     0xc  putchar.o [3]
  .text              ro code  0x00002860    0x10  cstartup_M.o [1]
  .rodata            const    0x00002870     0x8  main.o [1]
  .rodata            const    0x00002878     0x4  xlocale_c.o [3]
  .text              ro code  0x0000287c     0x0  cstart_closeall.o [5]
  .rodata            const    0x0000287c     0x0  zero_init3.o [5]
  .rodata            const    0x0000287c     0x0  lz77_init_single.o [5]
  Initializer bytes  const    0x0000287c    0x71  <for P2-1>
                            - 0x000028ed  0x285d

"P2", part 1 of 3:                         0x140
  P2-1                        0x20000000   0x140  <Init block>
    .data            inited   0x20000000     0x4  main.o [1]
    .data            inited   0x20000004     0x4  main.o [1]
    .data            inited   0x20000008    0x38  xlocale_c.o [3]
    .data            inited   0x20000040    0x48  xfiles.o [3]
    .data            inited   0x20000088    0x48  xfiles.o [3]
    .data            inited   0x200000d0    0x48  xfiles.o [3]
    .data            inited   0x20000118    0x20  xfiles.o [3]
    .data            inited   0x20000138     0x8  XShttio.o [3]
                            - 0x20000140   0x140

"P2", part 2 of 3:                         0x134
  .bss               zero     0x20000140    0x80  XShHandles.o [3]
  .bss               zero     0x200001c0    0x50  xfiles.o [3]
  .bss               zero     0x20000210    0x50  xfiles.o [3]
  .bss               zero     0x20000260     0x8  heap0.o [3]
  .bss               zero     0x20000268     0x4  main.o [1]
  .bss               zero     0x2000026c     0x4  xfail_s.o [3]
  .bss               zero     0x20000270     0x4  xgetmemchunk.o [3]
                            - 0x20000274   0x134

"P2", part 3 of 3:                        0x3000
  CSTACK                      0x20000278  0x1000  <Block>
    CSTACK           uninit   0x20000278  0x1000  <Block tail>
  HEAP                        0x20001278  0x2000  <Block>
    HEAP             uninit   0x20001278  0x2000  <Block tail>
                            - 0x20003278  0x3000


*******************************************************************************
*** INIT TABLE
***

          Address     Size
          -------     ----
Zero (__iar_zero_init3)
    1 destination range, total size 0x134:
          0x20000140  0x134

Copy/lz77 (__iar_lz77_init_single3)
    1 source range, total size 0x71 (35% of destination):
          0x0000287c   0x71
    1 destination range, total size 0x140:
          0x20000000  0x140



*******************************************************************************
*** MODULE SUMMARY
***

    Module                 ro code  ro data  rw data
    ------                 -------  -------  -------
C:\CProjects\Lab3\Debug\Obj: [1]
    cstartup_M.o                36      144
    main.o                   1 072       10       12
    ------------------------------------------------
    Total:                   1 108      154       12

command line: [2]
    ------------------------------------------------
    Total:

dl7M_tlf.a: [3]
    XShHandles.o               204               128
    XShttio.o                    8        3        8
    abort.o                      6
    exit.o                       4
    fclose.o                   126
    fflush.o                   172
    fputc.o                     86
    fseek.o                     36
    heap0.o                    324                 8
    heaptramp0.o                 4
    low_level_init.o             4
    printf.o                    40
    putchar.o                   12
    sprintf.o                   64
    xcloseall.o                 60
    xfail_s.o                   68                 4
    xfgpos.o                    12
    xfiles.o                             88      408
    xfofind.o                  124
    xfspos.o                   216
    xfwprep.o                  180
    xgetmemchunk.o              44                 4
    xlocale_c.o                  8       24       56
    xprintffull_nomb.o       3 598
    xprout.o                    22
    xsprout.o                   10
    ------------------------------------------------
    Total:                   5 432      115      616

m7M_tls.a: [4]
    DblAdd.o                   360
    DblCmpGe.o                  46
    DblCmpLe.o                  46
    DblDiv.o                   582
    DblMul.o                   418
    DblSub.o                   226
    DblToFlt.o                 104
    DblToS32.o                  58
    DblToU32.o                  40
    FltToDbl.o                  72
    S32ToDbl.o                  34
    U32ToDbl.o                  26
    fpinit_M.o                  34
    frexp.o                    112
    ldexp.o                    314
    ------------------------------------------------
    Total:                   2 472

rt7M_tl.a: [5]
    ABImemcpy_unaligned.o      118
    I64DivMod.o                238
    I64DivZer.o                  2
    cexit.o                     14
    cmain.o                     26
    cstart_closeall.o
    data_init.o                 40
    lz77_init_single.o         122
    memchr.o                    88
    strchr.o                    22
    strlen.o                    54
    zero_init3.o                64
    ------------------------------------------------
    Total:                     788

shb_l.a: [6]
    close.o                     26
    dwrite.o                    30
    exit.o                      20
    iarttio.o                  104
    iarwrite.o                  34
    iarwstd.o                   32
    lseek.o                     76
    remove.o                    22
    write.o                     16
    ------------------------------------------------
    Total:                     360

    Gaps                        14        2
    Linker created                       32   12 288
----------------------------------------------------
    Grand Total:            10 174      303   12 916


*******************************************************************************
*** ENTRY LIST
***

Entry                      Address   Size  Type      Object
-----                      -------   ----  ----      ------
.iar.init_table$$Base   0x000027ec          --   Gb  - Linker created -
.iar.init_table$$Limit  0x0000280c          --   Gb  - Linker created -
?main                   0x0000280d         Code  Gb  cmain.o [5]
ADC0_Handler            0x00001d83   0x86  Code  Gb  main.o [1]
ADC_Init                0x00001c63   0x70  Code  Gb  main.o [1]
Aldata                  0x20000260    0x8  Data  Lc  heap0.o [3]
CSTACK$$Base            0x20000278          --   Gb  - Linker created -
CSTACK$$Limit           0x20001278          --   Gb  - Linker created -
HEAP$$Base              0x20001278          --   Gb  - Linker created -
HEAP$$Limit             0x20003278          --   Gb  - Linker created -
LoadInt                 0x0000022f   0x7a  Code  Lc  xprintffull_nomb.o [3]
PLL_Init                0x00001ba7   0xbc  Code  Gb  main.o [1]
PortF_Init              0x00001b73   0x34  Code  Gb  main.o [1]
Region$$Table$$Base     0x000027ec          --   Gb  - Linker created -
Region$$Table$$Limit    0x0000280c          --   Gb  - Linker created -
Timer0_Init             0x00001af5   0x7e  Code  Gb  main.o [1]
UART_Init               0x00001cd3   0xb0  Code  Gb  main.o [1]
_Close_all              0x00002765   0x3c  Code  Gb  xcloseall.o [3]
_Files                  0x20000118   0x20  Data  Gb  xfiles.o [3]
_Fofree                 0x0000261d   0x78  Code  Gb  xfofind.o [3]
_Fspos                  0x000021ad   0xd8  Code  Gb  xfspos.o [3]
_Fwprep                 0x000024c5   0xb4  Code  Gb  xfwprep.o [3]
_GenldFullNoMb          0x00000b93  0x27e  Code  Lc  xprintffull_nomb.o [3]
_LdtobFullNoMb          0x00000777  0x3f0  Code  Lc  xprintffull_nomb.o [3]
_LitobFullNoMb          0x0000061b  0x116  Code  Lc  xprintffull_nomb.o [3]
_Locale_lconv           0x20000008   0x38  Data  Lc  xlocale_c.o [3]
_Nnl                    0x00002331    0xc  Code  Gb  xfgpos.o [3]
_PrintfFullNoMb         0x00000091  0x190  Code  Gb  xprintffull_nomb.o [3]
_Prout                  0x0000283f   0x16  Code  Gb  xprout.o [3]
_PutcharsFullNoMb       0x00000e11   0x2e  Code  Lc  xprintffull_nomb.o [3]
_PutfldFullNoMb         0x000002a9  0x264  Code  Lc  xprintffull_nomb.o [3]
_PuttxtFullNoMb         0x0000050d  0x10e  Code  Lc  xprintffull_nomb.o [3]
_SProut                 0x00000f2f    0xa  Code  Gb  xsprout.o [3]
__aeabi_cdcmple         0x00001389         Code  Gb  DblCmpLe.o [4]
__aeabi_cdrcmple        0x000013b9         Code  Gb  DblCmpGe.o [4]
__aeabi_d2f             0x00001f25         Code  Gb  DblToFlt.o [4]
__aeabi_d2iz            0x00001525         Code  Gb  DblToS32.o [4]
__aeabi_d2uiz           0x000018b1         Code  Gb  DblToU32.o [4]
__aeabi_ddiv            0x00001669         Code  Gb  DblDiv.o [4]
__aeabi_dmul            0x000010fd         Code  Gb  DblMul.o [4]
__aeabi_dsub            0x00001585         Code  Gb  DblSub.o [4]
__aeabi_f2d             0x00001f8d         Code  Gb  FltToDbl.o [4]
__aeabi_i2d             0x00001561         Code  Gb  S32ToDbl.o [4]
__aeabi_ldiv0           0x00001905         Code  Gb  I64DivZer.o [5]
__aeabi_ui2d            0x000018d9         Code  Gb  U32ToDbl.o [4]
__aeabi_uldivmod        0x0000100d         Code  Gb  I64DivMod.o [5]
__basic_free            0x000020eb   0x16  Code  Gb  heap0.o [3]
__basic_free_intern     0x00002101   0x7a  Code  Lc  heap0.o [3]
__basic_malloc          0x0000203d   0x18  Code  Gb  heap0.o [3]
__basic_malloc_intern   0x00002055   0x96  Code  Lc  heap0.o [3]
__cexit_closeall        0x00002833         Code  Gb  cexit.o [5]
__close                 0x0000269d   0x1a  Code  Gb  close.o [6]
__cmain                 0x0000280d         Code  Gb  cmain.o [5]
__cstart_closeall       0x0000287c         Data  Gb  cstart_closeall.o [5]
__data_GetMemChunk      0x00002181   0x2c  Code  Gb  xgetmemchunk.o [3]
__data_GetMemChunk::start
                        0x20000270    0x4  Data  Lc  xgetmemchunk.o [3]
__dwrite                0x00002465   0x1e  Code  Gb  dwrite.o [6]
__exit                  0x00001a71   0x14  Code  Gb  exit.o [6]
__iar_Fail_s            0x00000f39   0x1e  Code  Gb  xfail_s.o [3]
__iar_Memchr            0x00000fb5         Code  Gb  memchr.o [5]
__iar_Stderr            0x200000d0   0x48  Data  Gb  xfiles.o [3]
__iar_Stdin             0x20000040   0x48  Data  Gb  xfiles.o [3]
__iar_Stdout            0x20000088   0x48  Data  Gb  xfiles.o [3]
__iar_Strchr            0x00000f19         Code  Gb  strchr.o [5]
__iar_close_ttio        0x00001a85   0x2c  Code  Gb  iarttio.o [6]
__iar_dadd              0x00001595         Code  Gb  DblSub.o [4]
__iar_data_init3        0x000027a1   0x28  Code  Gb  data_init.o [5]
__iar_dsub              0x00001909         Code  Gb  DblAdd.o [4]
__iar_dsubStart         0x0000191b         Code  Gb  DblAdd.o [4]
__iar_frexp             0x00001325         Code  Gb  frexp.o [4]
__iar_frexpl            0x00001325         Code  Gb  frexp.o [4]
__iar_get_ttio          0x00001ab1   0x38  Code  Gb  iarttio.o [6]
__iar_init_vfp          0x000027c9         Code  Gb  fpinit_M.o [4]
__iar_ldexp64           0x000013e9         Code  Gb  ldexp.o [4]
__iar_lookup_ttioh      0x00001aed    0x8  Code  Gb  XShttio.o [3]
__iar_lz77_init_single3
                        0x00000e9f   0x7a  Code  Gb  lz77_init_single.o [5]
__iar_program_start     0x00002861   0x10  Code  Gb  cstartup_M.o [1]
__iar_scalbln64         0x000013e9         Code  Gb  ldexp.o [4]
__iar_scalbn64          0x000013e9         Code  Gb  ldexp.o [4]
__iar_sh_Discard        0x00002399   0x42  Code  Gb  XShHandles.o [3]
__iar_sh_Move           0x000023db   0x46  Code  Gb  XShHandles.o [3]
__iar_sh_Pos            0x00002421   0x3e  Code  Gb  XShHandles.o [3]
__iar_sh_stdout         0x00002483   0x20  Code  Gb  iarwstd.o [6]
__iar_sh_write          0x000024a3   0x22  Code  Gb  iarwrite.o [6]
__iar_softfp___iar_frexp64
                        0x00001319         Code  Gb  frexp.o [4]
__iar_softfp_frexp      0x00001319         Code  Gb  frexp.o [4]
__iar_softfp_frexpl     0x00001319         Code  Gb  frexp.o [4]
__iar_systems$$module {Abs}
                        0x00000001         Data  Gb  command line/config [2]
__iar_ttio_handles      0x20000138    0x8  Data  Lc  XShttio.o [3]
__iar_unaligned_memcpy  0x000012a1         Code  Gb  ABImemcpy_unaligned.o [5]
__iar_unaligned_memcpy4
                        0x000012c1         Code  Gb  ABImemcpy_unaligned.o [5]
__iar_unaligned_memcpy8
                        0x000012c1         Code  Gb  ABImemcpy_unaligned.o [5]
__iar_zero_init3        0x00002723   0x40  Code  Gb  zero_init3.o [5]
__low_level_init        0x00002827    0x4  Code  Gb  low_level_init.o [3]
__lseek                 0x0000233d   0x4c  Code  Gb  lseek.o [6]
__vector_table          0x00000000   0x90  Data  Gb  cstartup_M.o [1]
__write                 0x00002389   0x10  Code  Gb  write.o [6]
_call_main              0x00002819         Code  Gb  cmain.o [5]
_exit                   0x00002831         Code  Gb  cexit.o [5]
_main                   0x00002823         Code  Gb  cmain.o [5]
abort                   0x000018fd    0x6  Code  Gb  abort.o [3]
ebuf                    0x200001c0   0x50  Data  Lc  xfiles.o [3]
exit                    0x0000282b    0x4  Code  Gb  exit.o [3]
fclose                  0x0000259d   0x7e  Code  Gb  fclose.o [3]
fflush                  0x000022f9   0x34  Code  Gb  fflush.o [3]
fflushOne               0x00002285   0x74  Code  Lc  fflush.o [3]
fputc                   0x000026cd   0x56  Code  Gb  fputc.o [3]
free                    0x00002699    0x4  Code  Gb  heaptramp0.o [3]
freq                    0x20000004    0x4  Data  Gb  main.o [1]
fseek                   0x00002579   0x24  Code  Gb  fseek.o [3]
ldexp                   0x000013e9         Code  Gb  ldexp.o [4]
ldexpl                  0x000013e9         Code  Gb  ldexp.o [4]
localeconv              0x000018f5    0x4  Code  Gb  xlocale_c.o [3]
main                    0x00001e09   0x5e  Code  Gb  main.o [1]
maxVal                  0x20000000    0x4  Data  Gb  main.o [1]
memchr                  0x00000fb5         Code  Gb  memchr.o [5]
obuf                    0x20000210   0x50  Data  Lc  xfiles.o [3]
printf                  0x00002015   0x28  Code  Gb  printf.o [3]
putchar                 0x00002855    0xc  Code  Gb  putchar.o [3]
remove                  0x000026b7   0x16  Code  Gb  remove.o [6]
sFileInfo               0x20000140   0x80  Data  Lc  XShHandles.o [3]
scalbln                 0x000013e9         Code  Gb  ldexp.o [4]
scalblnl                0x000013e9         Code  Gb  ldexp.o [4]
scalbn                  0x000013e9         Code  Gb  ldexp.o [4]
scalbnl                 0x000013e9         Code  Gb  ldexp.o [4]
scale                   0x00000731   0x46  Code  Lc  xprintffull_nomb.o [3]
sec_hand                0x2000026c    0x4  Data  Lc  xfail_s.o [3]
sprintf                 0x00001fd5   0x40  Code  Gb  sprintf.o [3]
strchr                  0x00000f19         Code  Gb  strchr.o [5]
strlen                  0x00000f7d         Code  Gb  strlen.o [5]
temperature             0x20000268    0x4  Data  Gb  main.o [1]


[1] = C:\CProjects\Lab3\Debug\Obj
[2] = command line
[3] = dl7M_tlf.a
[4] = m7M_tls.a
[5] = rt7M_tl.a
[6] = shb_l.a

  10 174 bytes of readonly  code memory
     303 bytes of readonly  data memory
  12 916 bytes of readwrite data memory

Errors: none
Warnings: none
