###############################################################################
#
# IAR ELF Linker V8.11.3.13950/W32 for ARM                24/Nov/2019  14:54:59
# Copyright 2007-2017 IAR Systems AB.
#
#    Output file  =  C:\CProjects\Lab2\Debug\Exe\Lab2.out
#    Map file     =  C:\CProjects\Lab2\Debug\List\Lab2.map
#    Command line =  
#        -f C:\Users\colby\AppData\Local\Temp\EWE108.tmp
#        (C:\CProjects\Lab2\Debug\Obj\cstartup_M.o
#        C:\CProjects\Lab2\Debug\Obj\main.o -o
#        C:\CProjects\Lab2\Debug\Exe\Lab2.out --redirect
#        _Printf=_PrintfFullNoMb --redirect _Scanf=_ScanfFullNoMb --map
#        C:\CProjects\Lab2\Debug\List\Lab2.map --config "C:\Program Files
#        (x86)\IAR Systems\Embedded Workbench
#        8.0\arm\config\linker\TexasInstruments\TM4C123GH6.icf" --semihosting
#        --entry __iar_program_start --vfe --text_out locale)
#
###############################################################################

*******************************************************************************
*** RUNTIME MODEL ATTRIBUTES
***

CppFlavor       = *
__SystemLibrary = DLib
__dlib_version  = 6


*******************************************************************************
*** HEAP SELECTION
***

The basic heap was selected because some modules are built with
size limitations (and not runtime checking), and --advanced_heap
was not specified.


*******************************************************************************
*** PLACEMENT SUMMARY
***

"A0":  place at 0x00000000 { ro section .intvec };
"P1":  place in [from 0x00000000 to 0x0003ffff] { ro };
define block CSTACK with size = 4K, alignment = 8 { };
define block HEAP with size = 8K, alignment = 8 { };
"P2":  place in [from 0x20000000 to 0x20007fff] {
          rw, block CSTACK, block HEAP };

  Section          Kind        Address    Size  Object
  -------          ----        -------    ----  ------
"A0":                                     0xbc
  .intvec          const    0x00000000    0xbc  cstartup_M.o [1]
                          - 0x000000bc    0xbc

"P1":                                    0x50a
  .text            ro code  0x000000bc   0x408  main.o [1]
  .text            ro code  0x000004c4    0x40  zero_init3.o [5]
  .text            ro code  0x00000504    0x28  data_init.o [5]
  .text            ro code  0x0000052c    0x22  fpinit_M.o [4]
  .iar.init_table  const    0x00000550    0x10  - Linker created -
  .text            ro code  0x00000560     0x2  cstartup_M.o [1]
  .text            ro code  0x00000564    0x1a  cmain.o [5]
  .text            ro code  0x0000057e     0x4  low_level_init.o [3]
  .text            ro code  0x00000582     0x4  exit.o [3]
  .text            ro code  0x00000586     0x2  cstartup_M.o [1]
  .text            ro code  0x00000588     0xa  cexit.o [5]
  .text            ro code  0x00000592     0x2  cstartup_M.o [1]
  .text            ro code  0x00000594    0x14  exit.o [6]
  .text            ro code  0x000005a8    0x10  cstartup_M.o [1]
  .text            ro code  0x000005b8     0x2  cstartup_M.o [1]
  .text            ro code  0x000005ba     0x2  cstartup_M.o [1]
  .text            ro code  0x000005bc     0x2  cstartup_M.o [1]
  .text            ro code  0x000005be     0x2  cstartup_M.o [1]
  .text            ro code  0x000005c0     0x2  cstartup_M.o [1]
  .text            ro code  0x000005c2     0x2  cstartup_M.o [1]
  .text            ro code  0x000005c4     0x2  cstartup_M.o [1]
  .rodata          const    0x000005c6     0x0  zero_init3.o [5]
                          - 0x000005c6   0x50a

"P2", part 1 of 2:                         0x4
  .bss             zero     0x20000000     0x1  main.o [1]
  .bss             zero     0x20000001     0x1  main.o [1]
                          - 0x20000002     0x2

"P2", part 2 of 2:                      0x1000
  CSTACK                    0x20000008  0x1000  <Block>
    CSTACK         uninit   0x20000008  0x1000  <Block tail>
                          - 0x20001008  0x1000


*******************************************************************************
*** INIT TABLE
***

          Address     Size
          -------     ----
Zero (__iar_zero_init3)
    1 destination range, total size 0x2:
          0x20000000   0x2



*******************************************************************************
*** MODULE SUMMARY
***

    Module            ro code  ro data  rw data
    ------            -------  -------  -------
C:\CProjects\Lab2\Debug\Obj: [1]
    cstartup_M.o           36      188
    main.o              1 032                 2
    -------------------------------------------
    Total:              1 068      188        2

command line: [2]
    -------------------------------------------
    Total:

dl7M_tln.a: [3]
    exit.o                  4
    low_level_init.o        4
    -------------------------------------------
    Total:                  8

m7M_tls.a: [4]
    fpinit_M.o             34
    -------------------------------------------
    Total:                 34

rt7M_tl.a: [5]
    cexit.o                10
    cmain.o                26
    data_init.o            40
    zero_init3.o           64
    -------------------------------------------
    Total:                140

shb_l.a: [6]
    exit.o                 20
    -------------------------------------------
    Total:                 20

    Gaps                    2        2
    Linker created                  16    4 096
-----------------------------------------------
    Grand Total:        1 272      206    4 098


*******************************************************************************
*** ENTRY LIST
***

Entry                      Address   Size  Type      Object
-----                      -------   ----  ----      ------
.iar.init_table$$Base   0x00000550          --   Gb  - Linker created -
.iar.init_table$$Limit  0x00000560          --   Gb  - Linker created -
?main                   0x00000565         Code  Gb  cmain.o [5]
CSTACK$$Base            0x20000008          --   Gb  - Linker created -
CSTACK$$Limit           0x20001008          --   Gb  - Linker created -
GREEN_LED_off           0x00000139   0x12  Code  Gb  main.o [1]
GREEN_LED_on            0x00000103   0x12  Code  Gb  main.o [1]
LED_init                0x0000016f   0x6e  Code  Gb  main.o [1]
PED_switch_input        0x00000257    0xc  Code  Gb  main.o [1]
RED_LED_off             0x0000015d   0x12  Code  Gb  main.o [1]
RED_LED_on              0x00000127   0x12  Code  Gb  main.o [1]
Region$$Table$$Base     0x00000550          --   Gb  - Linker created -
Region$$Table$$Limit    0x00000560          --   Gb  - Linker created -
STARTSTOP_switch_input  0x0000024b    0xc  Code  Gb  main.o [1]
Timer_Handler           0x0000029b   0x92  Code  Gb  main.o [1]
YELLOW_LED_off          0x0000014b   0x12  Code  Gb  main.o [1]
YELLOW_LED_on           0x00000115   0x12  Code  Gb  main.o [1]
__cmain                 0x00000565         Code  Gb  cmain.o [5]
__exit                  0x00000595   0x14  Code  Gb  exit.o [6]
__iar_data_init3        0x00000505   0x28  Code  Gb  data_init.o [5]
__iar_init_vfp          0x0000052d         Code  Gb  fpinit_M.o [4]
__iar_program_start     0x000005a9   0x10  Code  Gb  cstartup_M.o [1]
__iar_systems$$module {Abs}
                        0x00000001         Data  Gb  command line/config [2]
__iar_zero_init3        0x000004c5   0x40  Code  Gb  zero_init3.o [5]
__low_level_init        0x0000057f    0x4  Code  Gb  low_level_init.o [3]
__vector_table          0x00000000   0xbc  Data  Gb  cstartup_M.o [1]
_call_main              0x00000571         Code  Gb  cmain.o [5]
_exit                   0x00000589         Code  Gb  cexit.o [5]
_main                   0x0000057b         Code  Gb  cmain.o [5]
blueLEDOn               0x000000e5    0xa  Code  Gb  main.o [1]
color                   0x20000000    0x1  Data  Gb  main.o [1]
exit                    0x00000583    0x4  Code  Gb  exit.o [3]
fiveSeconds             0x00000285   0x16  Code  Gb  main.o [1]
greenLEDOn              0x000000d1    0xa  Code  Gb  main.o [1]
main                    0x0000032d  0x166  Code  Gb  main.o [1]
purpleLEDOn             0x000000ef    0xa  Code  Gb  main.o [1]
redLEDOn                0x000000bd    0xa  Code  Gb  main.o [1]
state                   0x20000001    0x1  Data  Gb  main.o [1]
switch_init             0x000001dd   0x6e  Code  Gb  main.o [1]
tealLEDOn               0x000000db    0xa  Code  Gb  main.o [1]
timerCycled             0x00000263   0x22  Code  Gb  main.o [1]
whiteLEDOn              0x000000f9    0xa  Code  Gb  main.o [1]
yellowLEDOn             0x000000c7    0xa  Code  Gb  main.o [1]


[1] = C:\CProjects\Lab2\Debug\Obj
[2] = command line
[3] = dl7M_tln.a
[4] = m7M_tls.a
[5] = rt7M_tl.a
[6] = shb_l.a

  1 272 bytes of readonly  code memory
    206 bytes of readonly  data memory
  4 098 bytes of readwrite data memory

Errors: none
Warnings: none
