###############################################################################
#
# IAR ELF Linker V8.11.3.13950/W32 for ARM                12/Nov/2019  10:31:05
# Copyright 2007-2017 IAR Systems AB.
#
#    Output file  =  
#        C:\Users\Matt\Dropbox\EE 474\Lab 4x\Task_2\Debug\Exe\Lab.out
#    Map file     =  
#        C:\Users\Matt\Dropbox\EE 474\Lab 4x\Task_2\Debug\List\Lab.map
#    Command line =  
#        -f C:\Users\Matt\AppData\Local\Temp\EWFF67.tmp
#        ("C:\Users\Matt\Dropbox\EE 474\Lab 4x\Task_2\Debug\Obj\cstartup_M.o"
#        "C:\Users\Matt\Dropbox\EE 474\Lab 4x\Task_2\Debug\Obj\main.o"
#        "C:\Users\Matt\Dropbox\EE 474\Lab 4x\Task_2\Debug\Obj\SSD2119.o" -o
#        "C:\Users\Matt\Dropbox\EE 474\Lab 4x\Task_2\Debug\Exe\Lab.out"
#        --redirect _Printf=_PrintfFullNoMb --redirect _Scanf=_ScanfFullNoMb
#        --map "C:\Users\Matt\Dropbox\EE 474\Lab 4x\Task_2\Debug\List\Lab.map"
#        --config "C:\Program Files (x86)\IAR Systems\Embedded Workbench
#        8.0\arm\config\linker\TexasInstruments\TM4C123GH6.icf" --semihosting
#        --entry __iar_program_start --vfe --text_out locale)
#
###############################################################################

*******************************************************************************
*** RUNTIME MODEL ATTRIBUTES
***

CppFlavor       = *
__SystemLibrary = DLib
__dlib_version  = 6


*******************************************************************************
*** HEAP SELECTION
***

The basic heap was selected because some modules are built with
size limitations (and not runtime checking), and --advanced_heap
was not specified.


*******************************************************************************
*** PLACEMENT SUMMARY
***

"A0":  place at 0x00000000 { ro section .intvec };
"P1":  place in [from 0x00000000 to 0x0003ffff] { ro };
define block CSTACK with size = 4K, alignment = 8 { };
define block HEAP with size = 8K, alignment = 8 { };
"P2":  place in [from 0x20000000 to 0x20007fff] {
          rw, block CSTACK, block HEAP };
initialize by copy { rw };

  Section            Kind        Address    Size  Object
  -------            ----        -------    ----  ------
"A0":                                       0x90
  .intvec            const    0x00000000    0x90  cstartup_M.o [1]
                            - 0x00000090    0x90

"P1":                                     0x23d3
  .text              ro code  0x00000090   0xdd6  xprintffull_nomb.o [3]
  .text              ro code  0x00000e66     0xa  xsprout.o [3]
  .text              ro code  0x00000e70    0x16  strchr.o [5]
  .text              ro code  0x00000e86     0x2  cstartup_M.o [1]
  .text              ro code  0x00000e88    0x44  xfail_s.o [3]
  .text              ro code  0x00000ecc    0x36  strlen.o [5]
  .text              ro code  0x00000f02     0x2  cstartup_M.o [1]
  .text              ro code  0x00000f04    0x58  memchr.o [5]
  .text              ro code  0x00000f5c    0xee  I64DivMod.o [5]
  .text              ro code  0x0000104a     0x2  cstartup_M.o [1]
  .text              ro code  0x0000104c   0x1a2  DblMul.o [4]
  .text              ro code  0x000011ee     0x2  cstartup_M.o [1]
  .text              ro code  0x000011f0    0x76  ABImemcpy_unaligned.o [5]
  .text              ro code  0x00001266     0x2  cstartup_M.o [1]
  .text              ro code  0x00001268    0x70  frexp.o [4]
  .text              ro code  0x000012d8    0x2e  DblCmpLe.o [4]
  .text              ro code  0x00001306     0x2  cstartup_M.o [1]
  .text              ro code  0x00001308    0x2e  DblCmpGe.o [4]
  .text              ro code  0x00001336     0x2  cstartup_M.o [1]
  .text              ro code  0x00001338   0x13a  ldexp.o [4]
  .text              ro code  0x00001472     0x2  cstartup_M.o [1]
  .text              ro code  0x00001474    0x3a  DblToS32.o [4]
  .text              ro code  0x000014ae     0x2  cstartup_M.o [1]
  .text              ro code  0x000014b0    0x22  S32ToDbl.o [4]
  .text              ro code  0x000014d2     0x2  cstartup_M.o [1]
  .text              ro code  0x000014d4    0xe2  DblSub.o [4]
  .text              ro code  0x000015b8   0x246  DblDiv.o [4]
  .text              ro code  0x00001800    0x28  DblToU32.o [4]
  .text              ro code  0x00001828    0x1a  U32ToDbl.o [4]
  .text              ro code  0x00001842     0x6  abort.o [3]
  .text              ro code  0x00001848     0x2  I64DivZer.o [5]
  .text              ro code  0x0000184c   0x168  DblAdd.o [4]
  .text              ro code  0x000019b4    0x14  exit.o [6]
  .text              ro code  0x000019c8   0x518  SSD2119.o [1]
  .rodata            const    0x00001ee0   0x1e0  SSD2119.o [1]
  .text              ro code  0x000020c0   0x1d0  main.o [1]
  .text              ro code  0x00002290    0x68  DblToFlt.o [4]
  .text              ro code  0x000022f8    0x48  FltToDbl.o [4]
  .text              ro code  0x00002340    0x40  sprintf.o [3]
  .text              ro code  0x00002380    0x38  packbits_init_single.o [5]
  .text              ro code  0x000023b8    0x28  data_init.o [5]
  .text              ro code  0x000023e0    0x22  fpinit_M.o [4]
  .iar.init_table    const    0x00002404    0x10  - Linker created -
  .text              ro code  0x00002414    0x1a  cmain.o [5]
  .text              ro code  0x0000242e     0x4  low_level_init.o [3]
  .text              ro code  0x00002432     0x4  exit.o [3]
  .text              ro code  0x00002438     0xa  cexit.o [5]
  .text              ro code  0x00002442    0x10  cstartup_M.o [1]
  .rodata            const    0x00002454     0x8  main.o [1]
  .rodata            const    0x0000245c     0x0  packbits_init_single.o [5]
  Initializer bytes  const    0x0000245c     0x7  <for P2-1>
                            - 0x00002463  0x23d3

"P2", part 1 of 2:                          0x18
  P2-1                        0x20000000    0x18  <Init block>
    .bss             inited   0x20000000     0x4  main.o [1]
    .bss             inited   0x20000004     0x8  main.o [1]
    .bss             inited   0x2000000c     0x4  xfail_s.o [3]
    .data            inited   0x20000010     0x2  main.o [1]
    .bss             inited   0x20000012     0x2  SSD2119.o [1]
    .bss             inited   0x20000014     0x2  SSD2119.o [1]
    .bss             inited   0x20000016     0x2  SSD2119.o [1]
                            - 0x20000018    0x18

"P2", part 2 of 2:                        0x1000
  CSTACK                      0x20000018  0x1000  <Block>
    CSTACK           uninit   0x20000018  0x1000  <Block tail>
                            - 0x20001018  0x1000


*******************************************************************************
*** INIT TABLE
***

          Address     Size
          -------     ----
Copy/packbits (__iar_packbits_init_single3)
    1 source range, total size 0x7 (29% of destination):
          0x0000245c   0x7
    1 destination range, total size 0x18:
          0x20000000  0x18



*******************************************************************************
*** MODULE SUMMARY
***

    Module                  ro code  ro data  rw data
    ------                  -------  -------  -------
C:\Users\Matt\Dropbox\EE 474\Lab 4x\Task_2\Debug\Obj: [1]
    SSD2119.o                 1 304      482        6
    cstartup_M.o                 36      144
    main.o                      464       12       14
    -------------------------------------------------
    Total:                    1 804      638       20

command line: [2]
    -------------------------------------------------
    Total:

dl7M_tln.a: [3]
    abort.o                       6
    exit.o                        4
    low_level_init.o              4
    sprintf.o                    64
    xfail_s.o                    68        1        4
    xprintffull_nomb.o        3 542
    xsprout.o                    10
    -------------------------------------------------
    Total:                    3 698        1        4

m7M_tls.a: [4]
    DblAdd.o                    360
    DblCmpGe.o                   46
    DblCmpLe.o                   46
    DblDiv.o                    582
    DblMul.o                    418
    DblSub.o                    226
    DblToFlt.o                  104
    DblToS32.o                   58
    DblToU32.o                   40
    FltToDbl.o                   72
    S32ToDbl.o                   34
    U32ToDbl.o                   26
    fpinit_M.o                   34
    frexp.o                     112
    ldexp.o                     314
    -------------------------------------------------
    Total:                    2 472

rt7M_tl.a: [5]
    ABImemcpy_unaligned.o       118
    I64DivMod.o                 238
    I64DivZer.o                   2
    cexit.o                      10
    cmain.o                      26
    data_init.o                  40
    memchr.o                     88
    packbits_init_single.o       56
    strchr.o                     22
    strlen.o                     54
    -------------------------------------------------
    Total:                      654

shb_l.a: [6]
    exit.o                       20
    -------------------------------------------------
    Total:                       20

    Gaps                          8        4
    Linker created                        16    4 096
-----------------------------------------------------
    Grand Total:              8 656      659    4 120


*******************************************************************************
*** ENTRY LIST
***

Entry                      Address   Size  Type      Object
-----                      -------   ----  ----      ------
.iar.init_table$$Base   0x00002404          --   Gb  - Linker created -
.iar.init_table$$Limit  0x00002414          --   Gb  - Linker created -
?main                   0x00002415         Code  Gb  cmain.o [5]
ADC0_Handler            0x000021c9   0x6a  Code  Gb  main.o [1]
ADC0_Init               0x00002147   0x82  Code  Gb  main.o [1]
ASCII                   0x00001ee0  0x1e0  Data  Lc  SSD2119.o [1]
CSTACK$$Base            0x20000018          --   Gb  - Linker created -
CSTACK$$Limit           0x20001018          --   Gb  - Linker created -
GREEN                   0x20000010    0x2  Data  Gb  main.o [1]
LCD_ColorFill           0x00001cd5   0x1c  Code  Gb  SSD2119.o [1]
LCD_DrawFilledRect      0x00001e6d   0x60  Code  Gb  SSD2119.o [1]
LCD_DrawPixel           0x00001e39   0x34  Code  Gb  SSD2119.o [1]
LCD_GPIOInit            0x000019c9   0x98  Code  Gb  SSD2119.o [1]
LCD_Init                0x00001b13  0x1a2  Code  Gb  SSD2119.o [1]
LCD_PrintChar           0x00001cf1   0xd8  Code  Gb  SSD2119.o [1]
LCD_PrintString         0x00001dc9   0x1c  Code  Gb  SSD2119.o [1]
LCD_SetCursor           0x00001de5    0xe  Code  Gb  SSD2119.o [1]
LCD_SetTextColor        0x00001df3   0x20  Code  Gb  SSD2119.o [1]
LCD_WriteCommand        0x00001a61   0x56  Code  Gb  SSD2119.o [1]
LCD_WriteData           0x00001ab7   0x5c  Code  Gb  SSD2119.o [1]
LoadInt                 0x0000022f   0x7a  Code  Lc  xprintffull_nomb.o [3]
Region$$Table$$Base     0x00002404          --   Gb  - Linker created -
Region$$Table$$Limit    0x00002414          --   Gb  - Linker created -
TIMER0_Init             0x000020df   0x3e  Code  Gb  main.o [1]
TIMER0_reload           0x0000211d   0x2a  Code  Gb  main.o [1]
_GenldFullNoMb          0x00000b93  0x248  Code  Lc  xprintffull_nomb.o [3]
_LdtobFullNoMb          0x00000777  0x3f0  Code  Lc  xprintffull_nomb.o [3]
_LitobFullNoMb          0x0000061b  0x116  Code  Lc  xprintffull_nomb.o [3]
_PrintfFullNoMb         0x00000091  0x190  Code  Gb  xprintffull_nomb.o [3]
_PutcharsFullNoMb       0x00000ddb   0x2e  Code  Lc  xprintffull_nomb.o [3]
_PutfldFullNoMb         0x000002a9  0x264  Code  Lc  xprintffull_nomb.o [3]
_PuttxtFullNoMb         0x0000050d  0x10e  Code  Lc  xprintffull_nomb.o [3]
_SProut                 0x00000e67    0xa  Code  Gb  xsprout.o [3]
__aeabi_cdcmple         0x000012d9         Code  Gb  DblCmpLe.o [4]
__aeabi_cdrcmple        0x00001309         Code  Gb  DblCmpGe.o [4]
__aeabi_d2f             0x00002291         Code  Gb  DblToFlt.o [4]
__aeabi_d2iz            0x00001475         Code  Gb  DblToS32.o [4]
__aeabi_d2uiz           0x00001801         Code  Gb  DblToU32.o [4]
__aeabi_ddiv            0x000015b9         Code  Gb  DblDiv.o [4]
__aeabi_dmul            0x0000104d         Code  Gb  DblMul.o [4]
__aeabi_dsub            0x000014d5         Code  Gb  DblSub.o [4]
__aeabi_f2d             0x000022f9         Code  Gb  FltToDbl.o [4]
__aeabi_i2d             0x000014b1         Code  Gb  S32ToDbl.o [4]
__aeabi_ldiv0           0x00001849         Code  Gb  I64DivZer.o [5]
__aeabi_ui2d            0x00001829         Code  Gb  U32ToDbl.o [4]
__aeabi_uldivmod        0x00000f5d         Code  Gb  I64DivMod.o [5]
__cmain                 0x00002415         Code  Gb  cmain.o [5]
__exit                  0x000019b5   0x14  Code  Gb  exit.o [6]
__iar_Fail_s            0x00000e89   0x1e  Code  Gb  xfail_s.o [3]
__iar_Memchr            0x00000f05         Code  Gb  memchr.o [5]
__iar_Strchr            0x00000e71         Code  Gb  strchr.o [5]
__iar_dadd              0x000014e5         Code  Gb  DblSub.o [4]
__iar_data_init3        0x000023b9   0x28  Code  Gb  data_init.o [5]
__iar_dsub              0x0000184d         Code  Gb  DblAdd.o [4]
__iar_dsubStart         0x0000185f         Code  Gb  DblAdd.o [4]
__iar_frexp             0x00001275         Code  Gb  frexp.o [4]
__iar_frexpl            0x00001275         Code  Gb  frexp.o [4]
__iar_init_vfp          0x000023e1         Code  Gb  fpinit_M.o [4]
__iar_ldexp64           0x00001339         Code  Gb  ldexp.o [4]
__iar_packbits_init_single3
                        0x00002381   0x38  Code  Gb  packbits_init_single.o [5]
__iar_program_start     0x00002443   0x10  Code  Gb  cstartup_M.o [1]
__iar_scalbln64         0x00001339         Code  Gb  ldexp.o [4]
__iar_scalbn64          0x00001339         Code  Gb  ldexp.o [4]
__iar_softfp___iar_frexp64
                        0x00001269         Code  Gb  frexp.o [4]
__iar_softfp_frexp      0x00001269         Code  Gb  frexp.o [4]
__iar_softfp_frexpl     0x00001269         Code  Gb  frexp.o [4]
__iar_systems$$module {Abs}
                        0x00000001         Data  Gb  command line/config [2]
__iar_unaligned_memcpy  0x000011f1         Code  Gb  ABImemcpy_unaligned.o [5]
__iar_unaligned_memcpy4
                        0x00001211         Code  Gb  ABImemcpy_unaligned.o [5]
__iar_unaligned_memcpy8
                        0x00001211         Code  Gb  ABImemcpy_unaligned.o [5]
__low_level_init        0x0000242f    0x4  Code  Gb  low_level_init.o [3]
__vector_table          0x00000000   0x90  Data  Gb  cstartup_M.o [1]
_call_main              0x00002421         Code  Gb  cmain.o [5]
_exit                   0x00002439         Code  Gb  cexit.o [5]
_main                   0x0000242b         Code  Gb  cmain.o [5]
abort                   0x00001843    0x6  Code  Gb  abort.o [3]
convertColor            0x00001cb5   0x20  Code  Gb  SSD2119.o [1]
cursorX                 0x20000012    0x2  Data  Gb  SSD2119.o [1]
cursorY                 0x20000014    0x2  Data  Gb  SSD2119.o [1]
exit                    0x00002433    0x4  Code  Gb  exit.o [3]
ldexp                   0x00001339         Code  Gb  ldexp.o [4]
ldexpl                  0x00001339         Code  Gb  ldexp.o [4]
main                    0x000020c1   0x1e  Code  Gb  main.o [1]
memchr                  0x00000f05         Code  Gb  memchr.o [5]
scalbln                 0x00001339         Code  Gb  ldexp.o [4]
scalblnl                0x00001339         Code  Gb  ldexp.o [4]
scalbn                  0x00001339         Code  Gb  ldexp.o [4]
scalbnl                 0x00001339         Code  Gb  ldexp.o [4]
scale                   0x00000731   0x46  Code  Lc  xprintffull_nomb.o [3]
sec_hand                0x2000000c    0x4  Data  Lc  xfail_s.o [3]
sprintf                 0x00002341   0x40  Code  Gb  sprintf.o [3]
strchr                  0x00000e71         Code  Gb  strchr.o [5]
strlen                  0x00000ecd         Code  Gb  strlen.o [5]
temperature             0x20000000    0x4  Data  Gb  main.o [1]
text                    0x20000004    0x8  Data  Gb  main.o [1]
textColor               0x20000016    0x2  Data  Gb  SSD2119.o [1]


[1] = C:\Users\Matt\Dropbox\EE 474\Lab 4x\Task_2\Debug\Obj
[2] = command line
[3] = dl7M_tln.a
[4] = m7M_tls.a
[5] = rt7M_tl.a
[6] = shb_l.a

  8 656 bytes of readonly  code memory
    659 bytes of readonly  data memory
  4 120 bytes of readwrite data memory

Errors: none
Warnings: none
